Checking for wasm32-unknown-unknown target...
Checking connection to Arbitrum Sepolia...
Connected to Arbitrum Sepolia!
Deployer address: 0x1D4684bF07889811980273E8E24494f4D338d6cC
Deploying first ERC20 token contract (Token0) to Arbitrum Sepolia...
Token0 contract deployed at address: 0xeadd9ed31a7f2dd62dd2103a9d64c74153e9f90f
Token0 transaction hash: 0x6344aca8ea3edda8708c06caeb538e3d9725398b600628082165f4e5a1d46d7a
Deploying second ERC20 token contract (Token1) to Arbitrum Sepolia...
Token1 contract deployed at address: 0xbe3c209b874ac624c17554e6411aca8a1ca0fb4a
Token1 transaction hash: 0xe6353f05b10c4f731684da82dc147df7d6b3e067c5c3b3ff38b9184626ed162b
Minting tokens for testing...

blockHash            0x39d8d66c2ec635015a60dd7b5ecac61593b838d4c70e151924dd4b5eb42d772b
blockNumber          183810198
contractAddress      
cumulativeGasUsed    426157
effectiveGasPrice    100000000
from                 0x1D4684bF07889811980273E8E24494f4D338d6cC
gasUsed              72560
logs                 [{"address":"0xeadd9ed31a7f2dd62dd2103a9d64c74153e9f90f","topics":["0xddf252ad1be2c89b69c2b068fc378daa952ba7f163c4a11628f55a4df523b3ef","0x0000000000000000000000000000000000000000000000000000000000000000","0x0000000000000000000000001d4684bf07889811980273e8e24494f4d338d6cc"],"data":"0x00000000000000000000000000000000000000000000003635c9adc5dea00000","blockHash":"0x39d8d66c2ec635015a60dd7b5ecac61593b838d4c70e151924dd4b5eb42d772b","blockNumber":"0xaf4b896","transactionHash":"0x14b991be85f407bfbce6b851480c469693cf898db7c6ab179f0ac6d866d3fd25","transactionIndex":"0x5","logIndex":"0xa","removed":false}]
logsBloom            0x00000000000000000000000000000001000000000000000000000000000000000000000000000000000000000000000000000000000000000000000000000000000000000000000000000008000000008000000000000000000000000000000000000000020000000000000000000800000010000000800000000010000000000000000000000000000000000000000000000000000000000000000000000000000000000000000000000000000000000000000000000000000000000000000000000002000000000000000000000000000000000400000000040000000020000000000000000000000000000000000000000000000000000000000000000000
root                 
status               1 (success)
transactionHash      0x14b991be85f407bfbce6b851480c469693cf898db7c6ab179f0ac6d866d3fd25
transactionIndex     5
type                 2
blobGasPrice         
blobGasUsed          
to                   0xeadD9ED31A7f2DD62Dd2103A9d64c74153E9F90F
gasUsedForL1         249
l1BlockNumber        8980268
timeboosted          false


blockHash            0x5e5288323261ef3ed1185b25b49d4abf3560ea468d5370f6fbcdef899efeb035
blockNumber          183810210
contractAddress      
cumulativeGasUsed    72560
effectiveGasPrice    100000000
from                 0x1D4684bF07889811980273E8E24494f4D338d6cC
gasUsed              72560
logs                 [{"address":"0xbe3c209b874ac624c17554e6411aca8a1ca0fb4a","topics":["0xddf252ad1be2c89b69c2b068fc378daa952ba7f163c4a11628f55a4df523b3ef","0x0000000000000000000000000000000000000000000000000000000000000000","0x0000000000000000000000001d4684bf07889811980273e8e24494f4d338d6cc"],"data":"0x00000000000000000000000000000000000000000000003635c9adc5dea00000","blockHash":"0x5e5288323261ef3ed1185b25b49d4abf3560ea468d5370f6fbcdef899efeb035","blockNumber":"0xaf4b8a2","transactionHash":"0x11a2d000ac4aa19d49161c646178bf570ea608a7094242c23fe4a6a3baa8f253","transactionIndex":"0x1","logIndex":"0x0","removed":false}]
logsBloom            0x00000000000000000000000000000000000000000000000000000000000000000000000000000000000000000000000000000000000000000000000000000000000000000000000000000008000000008000000000000000000000000000000000010000020000000000000000000800000000000000000000000010000000000000000000000000000000000000000000000000000040000000000000000000000000000000000000000000000000000000000000000000000000020000000000000002000000000000000000000000000000000400000000040000000020000000000000000000000000000000000000000000000000000000000000000000
root                 
status               1 (success)
transactionHash      0x11a2d000ac4aa19d49161c646178bf570ea608a7094242c23fe4a6a3baa8f253
transactionIndex     1
type                 2
blobGasPrice         
blobGasUsed          
to                   0xbE3C209b874Ac624c17554E6411AcA8a1ca0fb4A
gasUsedForL1         249
l1BlockNumber        8980268
timeboosted          false

Tokens minted to deployer address.
Deploying the Uniswap V2 contract to Arbitrum Sepolia using cargo stylus...
Uniswap V2 contract deployed successfully!
Transaction hash: 0x970834fbc37be7c2682e1f7801d02146c8e65857fbb6ef82ae5965d327540a37
Uniswap V2 contract address: 0xc8808d49484b6c47a49df372c8e8fa2041402593
Deployment info saved to build/stylus-deployment-info.json
Deployment completed successfully on Arbitrum Sepolia!
Summary of deployed contracts:
- Token0: 0xeadd9ed31a7f2dd62dd2103a9d64c74153e9f90f
- Token1: 0xbe3c209b874ac624c17554e6411aca8a1ca0fb4a
- Uniswap V2: 0xc8808d49484b6c47a49df372c8e8fa2041402593
